This is pdfTeX, Version 3.141592653-2.6-1.40.29 (TeX Live 2026) (preloaded format=pdflatex 2026.9.30)  6 OCT 2026 18:52
entering extended mode
 restricted \write18 enabled.
 %&-line parsing enabled.
**main.tex
(./main.tex
LaTeX2e <2026-06-01>
L3 programming layer <2026-09-09>
(./spie.cls
Document Class: spie 2015/08/14 v3.4 SPIE Proceedings class
(/usr/local/texlive/2026basic/texmf-dist/tex/latex/base/article.cls
Document Class: article 2025/01/22 v1.4n Standard LaTeX document class
(/usr/local/texlive/2026basic/texmf-dist/tex/latex/base/size10.clo
File: size10.clo 2025/01/22 v1.4n Standard LaTeX file (size option)
)
\c@part=\count276
\c@section=\count277
\c@subsection=\count278
\c@subsubsection=\count279
\c@paragraph=\count280
\c@subparagraph=\count281
\c@figure=\count282
\c@table=\count283
\abovecaptionskip=\skip49
\belowcaptionskip=\skip50
\bibindent=\dimen150
)
ten-point font
(./authblk.sty
Package: authblk 2001/02/27 1.3 (PWD) local-fallback
\c@authors=\count284
\c@affil=\count285
\affilsepwd=\skip51
)
(/usr/local/texlive/2026basic/texmf-dist/tex/latex/base/ifthen.sty
Package: ifthen 2024/03/16 v1.1e Standard LaTeX ifthen package (DPC)
)
(/usr/local/texlive/2026basic/texmf-dist/tex/latex/cite/cite.sty
LaTeX Info: Redefining \cite on input line 302.
LaTeX Info: Redefining \nocite on input line 332.
Package: cite 2015/02/27  v 5.5
LaTeX Info: Redefining \cite on input line 441.
)
\c@theorem=\count286
)
a4paper used
(/usr/local/texlive/2026basic/texmf-dist/tex/latex/psnfss/times.sty
Package: times 2020/03/25 PSNFSS-v9.3 (SPQR) 
)
(/usr/local/texlive/2026basic/texmf-dist/tex/latex/psnfss/mathptmx.sty
Package: mathptmx 2020/03/25 PSNFSS-v9.3 Times w/ Math, improved (SPQR, WaS) 
LaTeX Font Info:    Redeclaring symbol font `operators' on input line 28.
LaTeX Font Info:    Overwriting symbol font `operators' in version `normal'
(Font)                  OT1/cmr/m/n --> OT1/ztmcm/m/n on input line 28.
LaTeX Font Info:    Overwriting symbol font `operators' in version `bold'
(Font)                  OT1/cmr/bx/n --> OT1/ztmcm/m/n on input line 28.
LaTeX Font Info:    Redeclaring symbol font `letters' on input line 29.
LaTeX Font Info:    Overwriting symbol font `letters' in version `normal'
(Font)                  OML/cmm/m/it --> OML/ztmcm/m/it on input line 29.
LaTeX Font Info:    Overwriting symbol font `letters' in version `bold'
(Font)                  OML/cmm/b/it --> OML/ztmcm/m/it on input line 29.
LaTeX Font Info:    Redeclaring symbol font `symbols' on input line 30.
LaTeX Font Info:    Overwriting symbol font `symbols' in version `normal'
(Font)                  OMS/cmsy/m/n --> OMS/ztmcm/m/n on input line 30.
LaTeX Font Info:    Overwriting symbol font `symbols' in version `bold'
(Font)                  OMS/cmsy/b/n --> OMS/ztmcm/m/n on input line 30.
LaTeX Font Info:    Redeclaring symbol font `largesymbols' on input line 31.
LaTeX Font Info:    Overwriting symbol font `largesymbols' in version `normal'
(Font)                  OMX/cmex/m/n --> OMX/ztmcm/m/n on input line 31.
LaTeX Font Info:    Overwriting symbol font `largesymbols' in version `bold'
(Font)                  OMX/cmex/m/n --> OMX/ztmcm/m/n on input line 31.
\symbold=\mathgroup4
\symitalic=\mathgroup5
LaTeX Font Info:    Redeclaring math alphabet \mathbf on input line 34.
LaTeX Font Info:    Overwriting math alphabet `\mathbf' in version `normal'
(Font)                  OT1/cmr/bx/n --> OT1/ptm/bx/n on input line 34.
LaTeX Font Info:    Overwriting math alphabet `\mathbf' in version `bold'
(Font)                  OT1/cmr/bx/n --> OT1/ptm/bx/n on input line 34.
LaTeX Font Info:    Redeclaring math alphabet \mathit on input line 35.
LaTeX Font Info:    Overwriting math alphabet `\mathit' in version `normal'
(Font)                  OT1/cmr/m/it --> OT1/ptm/m/it on input line 35.
LaTeX Font Info:    Overwriting math alphabet `\mathit' in version `bold'
(Font)                  OT1/cmr/bx/it --> OT1/ptm/m/it on input line 35.
LaTeX Info: Redefining \hbar on input line 50.
)
(/usr/local/texlive/2026basic/texmf-dist/tex/latex/amsmath/amsmath.sty
Package: amsmath 2026/05/19 v2.18d AMS math features
\@mathmargin=\skip52

For additional information on amsmath, use the `?' option.
(/usr/local/texlive/2026basic/texmf-dist/tex/latex/amsmath/amstext.sty
Package: amstext 2024/11/17 v2.01 AMS text

(/usr/local/texlive/2026basic/texmf-dist/tex/latex/amsmath/amsgen.sty
File: amsgen.sty 1999/11/30 v2.0 generic functions
\@emptytoks=\toks17
\ex@=\dimen151
))
(/usr/local/texlive/2026basic/texmf-dist/tex/latex/amsmath/amsbsy.sty
Package: amsbsy 1999/11/29 v1.2d Bold Symbols
\pmbraise@=\dimen152
)
(/usr/local/texlive/2026basic/texmf-dist/tex/latex/amsmath/amsopn.sty
Package: amsopn 2022/04/08 v2.04 operator names
)
\inf@bad=\count287
LaTeX Info: Redefining \frac on input line 233.
\uproot@=\count288
\leftroot@=\count289
LaTeX Info: Redefining \overline on input line 398.
LaTeX Info: Redefining \colon on input line 409.
\classnum@=\count290
\DOTSCASE@=\count291
LaTeX Info: Redefining \ldots on input line 495.
LaTeX Info: Redefining \dots on input line 498.
LaTeX Info: Redefining \cdots on input line 619.
\Mathstrutbox@=\box53
\strutbox@=\box54
LaTeX Info: Redefining \big on input line 721.
LaTeX Info: Redefining \Big on input line 722.
LaTeX Info: Redefining \bigg on input line 723.
LaTeX Info: Redefining \Bigg on input line 724.
\big@size=\dimen153
LaTeX Font Info:    Redeclaring font encoding OML on input line 742.
LaTeX Font Info:    Redeclaring font encoding OMS on input line 743.
\macc@depth=\count292
LaTeX Info: Redefining \bmod on input line 904.
LaTeX Info: Redefining \pmod on input line 909.
LaTeX Info: Redefining \smash on input line 939.
LaTeX Info: Redefining \relbar on input line 969.
LaTeX Info: Redefining \Relbar on input line 970.
\c@MaxMatrixCols=\count293
\dotsspace@=\muskip17
\c@parentequation=\count294
\dspbrk@lvl=\count295
\tag@help=\toks18
\row@=\count296
\column@=\count297
\maxfields@=\count298
\andhelp@=\toks19
\eqnshift@=\dimen154
\alignsep@=\dimen155
\tagshift@=\dimen156
\tagwidth@=\dimen157
\totwidth@=\dimen158
\lineht@=\dimen159
\@envbody=\toks20
\multlinegap=\skip53
\multlinetaggap=\skip54
\mathdisplay@stack=\toks21
LaTeX Info: Redefining \[ on input line 2965.
LaTeX Info: Redefining \] on input line 2966.
)
(/usr/local/texlive/2026basic/texmf-dist/tex/latex/amsfonts/amsfonts.sty
Package: amsfonts 2013/01/14 v3.01 Basic AMSFonts support
\symAMSa=\mathgroup6
\symAMSb=\mathgroup7
LaTeX Font Info:    Overwriting math alphabet `\mathfrak' in version `bold'
(Font)                  U/euf/m/n --> U/euf/b/n on input line 106.
)
(/usr/local/texlive/2026basic/texmf-dist/tex/latex/amsfonts/amssymb.sty
Package: amssymb 2013/01/14 v3.01 AMS font symbols
)
(/usr/local/texlive/2026basic/texmf-dist/tex/latex/graphics/graphicx.sty
Package: graphicx 2026-05-17 v1.2e Enhanced LaTeX Graphics (DPC,SPQR)

(/usr/local/texlive/2026basic/texmf-dist/tex/latex/graphics/keyval.sty
Package: keyval 2026-05-17 v1.15 key=value parser (DPC)
\KV@toks@=\toks22
)
(/usr/local/texlive/2026basic/texmf-dist/tex/latex/graphics/graphics.sty
Package: graphics 2026-05-17 v1.4h Standard LaTeX Graphics (DPC,SPQR)

(/usr/local/texlive/2026basic/texmf-dist/tex/latex/graphics/trig.sty
Package: trig 2023/12/02 v1.11 sin cos tan (DPC)
)
(/usr/local/texlive/2026basic/texmf-dist/tex/latex/graphics-cfg/graphics.cfg
File: graphics.cfg 2016/06/04 v1.11 sample graphics configuration
)
Package graphics Info: Driver file: pdftex.def on input line 106.

(/usr/local/texlive/2026basic/texmf-dist/tex/latex/graphics-def/pdftex.def
File: pdftex.def 2025/09/29 v1.2d Graphics/color driver for pdftex
))
\Gin@req@height=\dimen160
\Gin@req@width=\dimen161
)
(/usr/local/texlive/2026basic/texmf-dist/tex/latex/booktabs/booktabs.sty
Package: booktabs 2020/01/12 v1.61803398 Publication quality tables
\heavyrulewidth=\dimen162
\lightrulewidth=\dimen163
\cmidrulewidth=\dimen164
\belowrulesep=\dimen165
\belowbottomsep=\dimen166
\aboverulesep=\dimen167
\abovetopsep=\dimen168
\cmidrulesep=\dimen169
\cmidrulekern=\dimen170
\defaultaddspace=\dimen171
\@cmidla=\count299
\@cmidlb=\count300
\@aboverulesep=\dimen172
\@belowrulesep=\dimen173
\@thisruleclass=\count301
\@lastruleclass=\count302
\@thisrulewidth=\dimen174
)
(/usr/local/texlive/2026basic/texmf-dist/tex/latex/multirow/multirow.sty
Package: multirow 2024/11/12 v2.9 Span multiple rows of a table
\multirow@colwidth=\skip55
\multirow@cntb=\count303
\multirow@dima=\skip56
\bigstrutjot=\dimen175
)
(/usr/local/texlive/2026basic/texmf-dist/tex/latex/adjustbox/adjustbox.sty
Package: adjustbox 2025/02/26 v1.3c Adjusting TeX boxes (trim, clip, ...)

(/usr/local/texlive/2026basic/texmf-dist/tex/latex/xkeyval/xkeyval.sty
Package: xkeyval 2025/11/04 v2.10 package option processing (HA)

(/usr/local/texlive/2026basic/texmf-dist/tex/generic/xkeyval/xkeyval.tex
(/usr/local/texlive/2026basic/texmf-dist/tex/generic/xkeyval/xkvutils.tex
\XKV@toks=\toks23
\XKV@tempa@toks=\toks24
\XKV@tempb@toks=\toks25
)
\XKV@depth=\count304
File: xkeyval.tex 2014/12/03 v2.7a key=value parser (HA)
))
(/usr/local/texlive/2026basic/texmf-dist/tex/latex/adjustbox/adjcalc.sty
Package: adjcalc 2012/05/16 v1.1 Provides advanced setlength with multiple back
-ends (calc, etex, pgfmath)
)
(/usr/local/texlive/2026basic/texmf-dist/tex/latex/adjustbox/trimclip.sty
Package: trimclip 2025/02/21 v1.2a Trim and clip general TeX material

(/usr/local/texlive/2026basic/texmf-dist/tex/latex/collectbox/collectbox.sty
Package: collectbox 2022/10/17 v0.4c Collect macro arguments as boxes
\collectedbox=\box55
)
\tc@llx=\dimen176
\tc@lly=\dimen177
\tc@urx=\dimen178
\tc@ury=\dimen179
Package trimclip Info: Using driver 'tc-pdftex.def'.

(/usr/local/texlive/2026basic/texmf-dist/tex/latex/adjustbox/tc-pdftex.def
File: tc-pdftex.def 2025/02/26 v2.3 Clipping driver for pdftex
))
\adjbox@Width=\dimen180
\adjbox@Height=\dimen181
\adjbox@Depth=\dimen182
\adjbox@Totalheight=\dimen183
\adjbox@pwidth=\dimen184
\adjbox@pheight=\dimen185
\adjbox@pdepth=\dimen186
\adjbox@ptotalheight=\dimen187
)
(/usr/local/texlive/2026basic/texmf-dist/tex/latex/float/float.sty
Package: float 2001/11/08 v1.3d Float enhancements (AL)
\c@float@type=\count305
\float@exts=\toks26
\float@box=\box56
\@float@everytoks=\toks27
\@floatcapt=\box57
)
(/usr/local/texlive/2026basic/texmf-dist/tex/latex/xcolor/xcolor.sty
Package: xcolor 2024/09/29 v3.02 LaTeX color extensions (UK)

(/usr/local/texlive/2026basic/texmf-dist/tex/latex/graphics-cfg/color.cfg
File: color.cfg 2016/01/02 v1.6 sample color configuration
)
Package xcolor Info: Driver file: pdftex.def on input line 274.

(/usr/local/texlive/2026basic/texmf-dist/tex/latex/graphics/mathcolor.ltx)
Package xcolor Info: Model `cmy' substituted by `cmy0' on input line 1349.
Package xcolor Info: Model `hsb' substituted by `rgb' on input line 1353.
Package xcolor Info: Model `RGB' extended on input line 1365.
Package xcolor Info: Model `HTML' substituted by `rgb' on input line 1367.
Package xcolor Info: Model `Hsb' substituted by `hsb' on input line 1368.
Package xcolor Info: Model `tHsb' substituted by `hsb' on input line 1369.
Package xcolor Info: Model `HSB' substituted by `hsb' on input line 1370.
Package xcolor Info: Model `Gray' substituted by `gray' on input line 1371.
Package xcolor Info: Model `wave' substituted by `hsb' on input line 1372.
)
(/usr/local/texlive/2026basic/texmf-dist/tex/latex/colortbl/colortbl.sty
Package: colortbl 2026/05/01 v1.0l Color table columns (DPC)

(/usr/local/texlive/2026basic/texmf-dist/tex/latex/tools/array.sty
Package: array 2026/02/24 v2.7b Tabular extension package (FMi)
\col@sep=\dimen188
\ar@mcellbox=\box58
\extrarowheight=\dimen189
\NC@list=\toks28
\extratabsurround=\skip57
\backup@length=\skip58
\ar@cellbox=\box59
)
new hooks used!!
\minrowclearance=\skip59
\rownum=\count306
) (/usr/local/texlive/2026basic/texmf-dist/tex/latex/hyperref/hyperref.sty
Package: hyperref 2026-06-17 v7.01r Hypertext links for LaTeX

(/usr/local/texlive/2026basic/texmf-dist/tex/generic/iftex/iftex.sty
Package: iftex 2024/12/12 v1.0g TeX engine tests
)
(/usr/local/texlive/2026basic/texmf-dist/tex/latex/kvsetkeys/kvsetkeys.sty
Package: kvsetkeys 2022-10-05 v1.19 Key value parser (HO)
)
(/usr/local/texlive/2026basic/texmf-dist/tex/generic/kvdefinekeys/kvdefinekeys.
sty
Package: kvdefinekeys 2019-12-19 v1.6 Define keys (HO)
)
(/usr/local/texlive/2026basic/texmf-dist/tex/generic/pdfescape/pdfescape.sty
Package: pdfescape 2019/12/09 v1.15 Implements pdfTeX's escape features (HO)

(/usr/local/texlive/2026basic/texmf-dist/tex/generic/ltxcmds/ltxcmds.sty
Package: ltxcmds 2023-12-04 v1.26 LaTeX kernel commands for general use (HO)
)
(/usr/local/texlive/2026basic/texmf-dist/tex/generic/pdftexcmds/pdftexcmds.sty
Package: pdftexcmds 2020-06-27 v0.33 Utility functions of pdfTeX for LuaTeX (HO
)

(/usr/local/texlive/2026basic/texmf-dist/tex/generic/infwarerr/infwarerr.sty
Package: infwarerr 2019/12/03 v1.5 Providing info/warning/error messages (HO)
)
Package pdftexcmds Info: \pdf@primitive is available.
Package pdftexcmds Info: \pdf@ifprimitive is available.
Package pdftexcmds Info: \pdfdraftmode found.
)) (/usr/local/texlive/2026basic/texmf-dist/tex/latex/hycolor/hycolor.sty
Package: hycolor 2020-01-27 v1.10 Color options for hyperref/bookmark (HO)
)
(/usr/local/texlive/2026basic/texmf-dist/tex/latex/hyperref/nameref.sty
Package: nameref 2026-01-29 v2.58 Cross-referencing by name of section

(/usr/local/texlive/2026basic/texmf-dist/tex/latex/refcount/refcount.sty
Package: refcount 2019/12/15 v3.6 Data extraction from label references (HO)
)
(/usr/local/texlive/2026basic/texmf-dist/tex/generic/gettitlestring/gettitlestr
ing.sty
Package: gettitlestring 2019/12/15 v1.6 Cleanup title references (HO)

(/usr/local/texlive/2026basic/texmf-dist/tex/latex/kvoptions/kvoptions.sty
Package: kvoptions 2022-06-15 v3.15 Key value format for package options (HO)
))
\c@section@level=\count307
)
(/usr/local/texlive/2026basic/texmf-dist/tex/latex/etoolbox/etoolbox.sty
Package: etoolbox 2025/10/02 v2.5m e-TeX tools for LaTeX (JAW)
\etb@tempcnta=\count308
)
(/usr/local/texlive/2026basic/texmf-dist/tex/generic/stringenc/stringenc.sty
Package: stringenc 2019/11/29 v1.12 Convert strings between diff. encodings (HO
)
)
\@linkdim=\dimen190
\Hy@linkcounter=\count309
\Hy@pagecounter=\count310

(/usr/local/texlive/2026basic/texmf-dist/tex/latex/hyperref/pd1enc.def
File: pd1enc.def 2026-06-17 v7.01r Hyperref: PDFDocEncoding definition (HO)
Now handling font encoding PD1 ...
... no UTF-8 mapping file for font encoding PD1
)
(/usr/local/texlive/2026basic/texmf-dist/tex/generic/intcalc/intcalc.sty
Package: intcalc 2019/12/15 v1.3 Expandable calculations with integers (HO)
)
\Hy@SavedSpaceFactor=\count311

(/usr/local/texlive/2026basic/texmf-dist/tex/latex/hyperref/puenc.def
File: puenc.def 2026-06-17 v7.01r Hyperref: PDF Unicode definition (HO)
Now handling font encoding PU ...
... no UTF-8 mapping file for font encoding PU
)
Package hyperref Info: Hyper figures OFF on input line 4199.
Package hyperref Info: Link nesting OFF on input line 4204.
Package hyperref Info: Hyper index ON on input line 4207.
Package hyperref Info: Plain pages OFF on input line 4214.
Package hyperref Info: Backreferencing OFF on input line 4219.
Package hyperref Info: Implicit mode ON; LaTeX internals redefined.
Package hyperref Info: Bookmarks ON on input line 4466.
\c@Hy@tempcnt=\count312

(/usr/local/texlive/2026basic/texmf-dist/tex/latex/url/url.sty
\Urlmuskip=\muskip18
Package: url 2013/09/16  ver 3.4  Verb mode for urls, etc.
)
LaTeX Info: Redefining \url on input line 4805.
\XeTeXLinkMargin=\dimen191

(/usr/local/texlive/2026basic/texmf-dist/tex/generic/bitset/bitset.sty
Package: bitset 2019/12/09 v1.3 Handle bit-vector datatype (HO)

(/usr/local/texlive/2026basic/texmf-dist/tex/generic/bigintcalc/bigintcalc.sty
Package: bigintcalc 2019/12/15 v1.5 Expandable calculations on big integers (HO
)
))
\Fld@menulength=\count313
\Field@Width=\dimen192
\Fld@charsize=\dimen193
Package hyperref Info: Hyper figures OFF on input line 6091.
Package hyperref Info: Link nesting OFF on input line 6096.
Package hyperref Info: Hyper index ON on input line 6099.
Package hyperref Info: backreferencing OFF on input line 6106.
Package hyperref Info: Link coloring OFF on input line 6111.
Package hyperref Info: Link coloring with OCG OFF on input line 6116.
Package hyperref Info: PDF/A mode OFF on input line 6121.
\Hy@abspage=\count314
\c@Item=\count315
\c@Hfootnote=\count316
)
Package hyperref Info: Driver (autodetected): hpdftex.
 (/usr/local/texlive/2026basic/texmf-dist/tex/latex/hyperref/hpdftex.def
File: hpdftex.def 2026-06-17 v7.01r Hyperref driver for pdfTeX
\Fld@listcount=\count317
\c@bookmark@seq@number=\count318

(/usr/local/texlive/2026basic/texmf-dist/tex/latex/rerunfilecheck/rerunfilechec
k.sty
Package: rerunfilecheck 2025-06-21 v1.11 Rerun checks for auxiliary files (HO)

(/usr/local/texlive/2026basic/texmf-dist/tex/generic/uniquecounter/uniquecounte
r.sty
Package: uniquecounter 2019/12/15 v1.4 Provide unlimited unique counter (HO)
)
Package uniquecounter Info: New unique counter `rerunfilecheck' on input line 2
84.
)
\Hy@SectionHShift=\skip60
) (./tables/table_style.tex)
LaTeX Font Info:    Trying to load font information for OT1+ptm on input line 4
4.

(/usr/local/texlive/2026basic/texmf-dist/tex/latex/psnfss/ot1ptm.fd
File: ot1ptm.fd 2001/06/04 font definitions for OT1/ptm.
)
(/usr/local/texlive/2026basic/texmf-dist/tex/latex/l3kernel/l3backend-pdftex.de
f
File: l3backend-pdftex.def 2026-09-09 L3 backend support: PDF output (pdfTeX)
\l__color_backend_stack_int=\count319
) (./main.aux)
\openout1 = `main.aux'.

LaTeX Font Info:    Checking defaults for OML/cmm/m/it on input line 44.
LaTeX Font Info:    ... okay on input line 44.
LaTeX Font Info:    Checking defaults for OMS/cmsy/m/n on input line 44.
LaTeX Font Info:    ... okay on input line 44.
LaTeX Font Info:    Checking defaults for OT1/cmr/m/n on input line 44.
LaTeX Font Info:    ... okay on input line 44.
LaTeX Font Info:    Checking defaults for T1/cmr/m/n on input line 44.
LaTeX Font Info:    ... okay on input line 44.
LaTeX Font Info:    Checking defaults for TS1/cmr/m/n on input line 44.
LaTeX Font Info:    ... okay on input line 44.
LaTeX Font Info:    Checking defaults for OMX/cmex/m/n on input line 44.
LaTeX Font Info:    ... okay on input line 44.
LaTeX Font Info:    Checking defaults for U/cmr/m/n on input line 44.
LaTeX Font Info:    ... okay on input line 44.
LaTeX Font Info:    Checking defaults for PD1/pdf/m/n on input line 44.
LaTeX Font Info:    ... okay on input line 44.
LaTeX Font Info:    Checking defaults for PU/pdf/m/n on input line 44.
LaTeX Font Info:    ... okay on input line 44.

(/usr/local/texlive/2026basic/texmf-dist/tex/context/base/mkii/supp-pdf.mkii
[Loading MPS to PDF converter (version 2006.09.02).]
\scratchcounter=\count320
\scratchdimen=\dimen194
\scratchbox=\box60
\nofMPsegments=\count321
\nofMParguments=\count322
\everyMPshowfont=\toks29
\MPscratchCnt=\count323
\MPscratchDim=\dimen195
\MPnumerator=\count324
\makeMPintoPDFobject=\count325
\everyMPtoPDFconversion=\toks30
)
(/usr/local/texlive/2026basic/texmf-dist/tex/latex/epstopdf-pkg/epstopdf-base.s
ty
Package: epstopdf-base 2020-01-24 v2.11 Base part for package epstopdf
Package epstopdf-base Info: Redefining graphics rule for `.eps' on input line 4
85.

(/usr/local/texlive/2026basic/texmf-dist/tex/latex/latexconfig/epstopdf-sys.cfg
File: epstopdf-sys.cfg 2010/07/13 v1.3 Configuration of (r)epstopdf for TeX Liv
e
))
Package hyperref Info: Link coloring OFF on input line 44.
 (./main.out) (./main.out)
\@outlinefile=\write3
\openout3 = `main.out'.


ptm-font_in_spiecls
LaTeX Font Info:    Trying to load font information for OT1+ztmcm on input line
 46.
(/usr/local/texlive/2026basic/texmf-dist/tex/latex/psnfss/ot1ztmcm.fd
File: ot1ztmcm.fd 2000/01/03 Fontinst v1.801 font definitions for OT1/ztmcm.
)
LaTeX Font Info:    Trying to load font information for OML+ztmcm on input line
 46.

(/usr/local/texlive/2026basic/texmf-dist/tex/latex/psnfss/omlztmcm.fd
File: omlztmcm.fd 2000/01/03 Fontinst v1.801 font definitions for OML/ztmcm.
)
LaTeX Font Info:    Trying to load font information for OMS+ztmcm on input line
 46.

(/usr/local/texlive/2026basic/texmf-dist/tex/latex/psnfss/omsztmcm.fd
File: omsztmcm.fd 2000/01/03 Fontinst v1.801 font definitions for OMS/ztmcm.
)
LaTeX Font Info:    Trying to load font information for OMX+ztmcm on input line
 46.

(/usr/local/texlive/2026basic/texmf-dist/tex/latex/psnfss/omxztmcm.fd
File: omxztmcm.fd 2000/01/03 Fontinst v1.801 font definitions for OMX/ztmcm.
)
LaTeX Font Info:    Font shape `OT1/ptm/bx/n' in size <12> not available
(Font)              Font shape `OT1/ptm/b/n' tried instead on input line 46.
LaTeX Font Info:    Font shape `OT1/ptm/bx/n' in size <9> not available
(Font)              Font shape `OT1/ptm/b/n' tried instead on input line 46.
LaTeX Font Info:    Font shape `OT1/ptm/bx/n' in size <7> not available
(Font)              Font shape `OT1/ptm/b/n' tried instead on input line 46.
LaTeX Font Info:    Font shape `OT1/ptm/bx/n' in size <5> not available
(Font)              Font shape `OT1/ptm/b/n' tried instead on input line 46.

(./sections/01_introduction.tex
LaTeX Font Info:    Font shape `OT1/ptm/bx/n' in size <10> not available
(Font)              Font shape `OT1/ptm/b/n' tried instead on input line 4.
LaTeX Font Info:    Font shape `OT1/ptm/bx/n' in size <7.4> not available
(Font)              Font shape `OT1/ptm/b/n' tried instead on input line 4.
LaTeX Font Info:    Font shape `OT1/ptm/bx/n' in size <6> not available
(Font)              Font shape `OT1/ptm/b/n' tried instead on input line 4.
LaTeX Font Info:    Trying to load font information for TS1+ptm on input line 8
.

(/usr/local/texlive/2026basic/texmf-dist/tex/latex/psnfss/ts1ptm.fd
File: ts1ptm.fd 2001/06/04 font definitions for TS1/ptm.
))
(./sections/02_related_work.tex [1

{/usr/local/texlive/2026basic/texmf-var/fonts/map/pdftex/updmap/pdftex.map}{/us
r/local/texlive/2026basic/texmf-dist/fonts/enc/dvips/base/8r.enc}]) (./sections
/03_method.tex
(./sections/method/01_overall_framework.tex
<figures/framework.pdf, id=122, 855.195pt x 478.78876pt>
File: figures/framework.pdf Graphic file (type pdf)
<use figures/framework.pdf>
Package pdftex.def Info: figures/framework.pdf  used on input line 8.
(pdftex.def)             Requested size: 439.03726pt x 245.7936pt.
)
(./sections/method/02_visual_hull_init.tex [2 <./figures/framework.pdf>])
(./sections/method/03_depth_guided_densification.tex
<figures/vggt_depth.pdf, id=162, 854.19125pt x 484.81125pt>
File: figures/vggt_depth.pdf Graphic file (type pdf)
<use figures/vggt_depth.pdf>
Package pdftex.def Info: figures/vggt_depth.pdf  used on input line 8.
(pdftex.def)             Requested size: 439.03726pt x 249.18124pt.
 [3 <./figures/vggt_depth.pdf>]) (./sections/method/04_dynamic_visibility_reg.t
ex))
(./sections/04_experiments.tex
(./sections/experiments/01_experimental_setup.tex)
(./sections/experiments/02_quantitative_and_qualitative.tex
(./tables/mip360_results.tex
Overfull \vbox (7.32288pt too high) detected at line 20
 []

) (./tables/llff_results.tex
Overfull \vbox (7.32288pt too high) detected at line 20
 []

) [4]
<figures/qualitative/s1_regnerf.png, id=236, 312.41719pt x 202.50656pt>
File: figures/qualitative/s1_regnerf.png Graphic file (type png)
<use figures/qualitative/s1_regnerf.png>
Package pdftex.def Info: figures/qualitative/s1_regnerf.png  used on input line
 21.
(pdftex.def)             Requested size: 57.5612pt x 37.30861pt.
<figures/qualitative/s1_sparsenerf.png, id=237, 312.41719pt x 202.50656pt>
File: figures/qualitative/s1_sparsenerf.png Graphic file (type png)
<use figures/qualitative/s1_sparsenerf.png>
Package pdftex.def Info: figures/qualitative/s1_sparsenerf.png  used on input l
ine 22.
(pdftex.def)             Requested size: 57.5612pt x 37.30861pt.
<figures/qualitative/s1_3dgs.png, id=238, 311.66437pt x 202.50656pt>
File: figures/qualitative/s1_3dgs.png Graphic file (type png)
<use figures/qualitative/s1_3dgs.png>
Package pdftex.def Info: figures/qualitative/s1_3dgs.png  used on input line 23
.
(pdftex.def)             Requested size: 57.5612pt x 37.39822pt.
<figures/qualitative/s1_corgs.png, id=239, 312.41719pt x 202.50656pt>
File: figures/qualitative/s1_corgs.png Graphic file (type png)
<use figures/qualitative/s1_corgs.png>
Package pdftex.def Info: figures/qualitative/s1_corgs.png  used on input line 2
4.
(pdftex.def)             Requested size: 57.5612pt x 37.30861pt.
<figures/qualitative/s1_dropgaussian.png, id=240, 312.41719pt x 202.50656pt>
File: figures/qualitative/s1_dropgaussian.png Graphic file (type png)
<use figures/qualitative/s1_dropgaussian.png>
Package pdftex.def Info: figures/qualitative/s1_dropgaussian.png  used on input
 line 25.
(pdftex.def)             Requested size: 57.5612pt x 37.30861pt.
<figures/qualitative/s1_d2gs.png, id=241, 296.60812pt x 201.00093pt>
File: figures/qualitative/s1_d2gs.png Graphic file (type png)
<use figures/qualitative/s1_d2gs.png>
Package pdftex.def Info: figures/qualitative/s1_d2gs.png  used on input line 26
.
(pdftex.def)             Requested size: 57.5612pt x 39.0064pt.
<figures/qualitative/s1_ours.png, id=242, 312.41719pt x 202.50656pt>
File: figures/qualitative/s1_ours.png Graphic file (type png)
<use figures/qualitative/s1_ours.png>
Package pdftex.def Info: figures/qualitative/s1_ours.png  used on input line 27
.
(pdftex.def)             Requested size: 57.5612pt x 37.30861pt.
<figures/qualitative/s1_gt.png, id=243, 312.41719pt x 202.50656pt>
File: figures/qualitative/s1_gt.png Graphic file (type png)
<use figures/qualitative/s1_gt.png>
Package pdftex.def Info: figures/qualitative/s1_gt.png  used on input line 28.
(pdftex.def)             Requested size: 57.5612pt x 37.30861pt.
<figures/qualitative/s2_regnerf.png, id=244, 239.39438pt x 257.46187pt>
File: figures/qualitative/s2_regnerf.png Graphic file (type png)
<use figures/qualitative/s2_regnerf.png>
Package pdftex.def Info: figures/qualitative/s2_regnerf.png  used on input line
 29.
(pdftex.def)             Requested size: 57.5612pt x 61.90604pt.
<figures/qualitative/s2_sparsenerf.png, id=245, 239.39438pt x 257.46187pt>
File: figures/qualitative/s2_sparsenerf.png Graphic file (type png)
<use figures/qualitative/s2_sparsenerf.png>
Package pdftex.def Info: figures/qualitative/s2_sparsenerf.png  used on input l
ine 30.
(pdftex.def)             Requested size: 57.5612pt x 61.90604pt.
<figures/qualitative/s2_3dgs.png, id=246, 239.39438pt x 257.46187pt>
File: figures/qualitative/s2_3dgs.png Graphic file (type png)
<use figures/qualitative/s2_3dgs.png>
Package pdftex.def Info: figures/qualitative/s2_3dgs.png  used on input line 31
.
(pdftex.def)             Requested size: 57.5612pt x 61.90604pt.
<figures/qualitative/s2_corgs.png, id=247, 247.67531pt x 249.18094pt>
File: figures/qualitative/s2_corgs.png Graphic file (type png)
<use figures/qualitative/s2_corgs.png>
Package pdftex.def Info: figures/qualitative/s2_corgs.png  used on input line 3
2.
(pdftex.def)             Requested size: 57.5612pt x 57.91115pt.
<figures/qualitative/s2_dropgaussian.png, id=248, 239.39438pt x 257.46187pt>
File: figures/qualitative/s2_dropgaussian.png Graphic file (type png)
<use figures/qualitative/s2_dropgaussian.png>
Package pdftex.def Info: figures/qualitative/s2_dropgaussian.png  used on input
 line 33.
(pdftex.def)             Requested size: 57.5612pt x 61.90604pt.
<figures/qualitative/s2_d2gs.png, id=249, 239.39438pt x 257.46187pt>
File: figures/qualitative/s2_d2gs.png Graphic file (type png)
<use figures/qualitative/s2_d2gs.png>
Package pdftex.def Info: figures/qualitative/s2_d2gs.png  used on input line 34
.
(pdftex.def)             Requested size: 57.5612pt x 61.90604pt.
<figures/qualitative/s2_ours.png, id=250, 239.39438pt x 257.46187pt>
File: figures/qualitative/s2_ours.png Graphic file (type png)
<use figures/qualitative/s2_ours.png>
Package pdftex.def Info: figures/qualitative/s2_ours.png  used on input line 35
.
(pdftex.def)             Requested size: 57.5612pt x 61.90604pt.
<figures/qualitative/s2_gt.png, id=251, 239.39438pt x 257.46187pt>
File: figures/qualitative/s2_gt.png Graphic file (type png)
<use figures/qualitative/s2_gt.png>
Package pdftex.def Info: figures/qualitative/s2_gt.png  used on input line 36.
(pdftex.def)             Requested size: 57.5612pt x 61.90604pt.
<figures/qualitative/s3_regnerf.png, id=252, 111.41624pt x 176.15813pt>
File: figures/qualitative/s3_regnerf.png Graphic file (type png)
<use figures/qualitative/s3_regnerf.png>
Package pdftex.def Info: figures/qualitative/s3_regnerf.png  used on input line
 37.
(pdftex.def)             Requested size: 39.18327pt x 61.95291pt.
<figures/qualitative/s3_sparsenerf.png, id=253, 111.41624pt x 176.15813pt>
File: figures/qualitative/s3_sparsenerf.png Graphic file (type png)
<use figures/qualitative/s3_sparsenerf.png>
Package pdftex.def Info: figures/qualitative/s3_sparsenerf.png  used on input l
ine 38.
(pdftex.def)             Requested size: 39.18327pt x 61.95291pt.
<figures/qualitative/s3_3dgs.png, id=254, 111.41624pt x 176.15813pt>
File: figures/qualitative/s3_3dgs.png Graphic file (type png)
<use figures/qualitative/s3_3dgs.png>
Package pdftex.def Info: figures/qualitative/s3_3dgs.png  used on input line 39
.
(pdftex.def)             Requested size: 39.18327pt x 61.95291pt.
<figures/qualitative/s3_corgs.png, id=255, 111.41624pt x 176.15813pt>
File: figures/qualitative/s3_corgs.png Graphic file (type png)
<use figures/qualitative/s3_corgs.png>
Package pdftex.def Info: figures/qualitative/s3_corgs.png  used on input line 4
0.
(pdftex.def)             Requested size: 39.18327pt x 61.95291pt.
<figures/qualitative/s3_dropgaussian.png, id=256, 148.555pt x 234.8775pt>
File: figures/qualitative/s3_dropgaussian.png Graphic file (type png)
<use figures/qualitative/s3_dropgaussian.png>
Package pdftex.def Info: figures/qualitative/s3_dropgaussian.png  used on input
 line 41.
(pdftex.def)             Requested size: 39.18327pt x 61.95291pt.
<figures/qualitative/s3_d2gs.png, id=257, 111.41624pt x 174.6525pt>
File: figures/qualitative/s3_d2gs.png Graphic file (type png)
<use figures/qualitative/s3_d2gs.png>
Package pdftex.def Info: figures/qualitative/s3_d2gs.png  used on input line 42
.
(pdftex.def)             Requested size: 39.52159pt x 61.95291pt.
<figures/qualitative/s3_ours.png, id=258, 111.41624pt x 176.15813pt>
File: figures/qualitative/s3_ours.png Graphic file (type png)
<use figures/qualitative/s3_ours.png>
Package pdftex.def Info: figures/qualitative/s3_ours.png  used on input line 43
.
(pdftex.def)             Requested size: 39.18327pt x 61.95291pt.
<figures/qualitative/s3_gt.png, id=259, 111.41624pt x 176.15813pt>
File: figures/qualitative/s3_gt.png Graphic file (type png)
<use figures/qualitative/s3_gt.png>
Package pdftex.def Info: figures/qualitative/s3_gt.png  used on input line 44.
(pdftex.def)             Requested size: 39.18327pt x 61.95291pt.
) (./sections/experiments/05_ablation_study.tex (./tables/ablation.tex
[5 <./figures/qualitative/s1_regnerf.png (PNG copy)> <./figures/qualitative/s1_
sparsenerf.png (PNG copy)> <./figures/qualitative/s1_3dgs.png (PNG copy)> <./fi
gures/qualitative/s1_corgs.png (PNG copy)> <./figures/qualitative/s1_dropgaussi
an.png (PNG copy)> <./figures/qualitative/s1_d2gs.png (PNG copy)> <./figures/qu
alitative/s1_ours.png (PNG copy)> <./figures/qualitative/s1_gt.png (PNG copy)> 
<./figures/qualitative/s2_regnerf.png (PNG copy)> <./figures/qualitative/s2_spa
rsenerf.png (PNG copy)> <./figures/qualitative/s2_3dgs.png (PNG copy)> <./figur
es/qualitative/s2_corgs.png (PNG copy)> <./figures/qualitative/s2_dropgaussian.
png (PNG copy)> <./figures/qualitative/s2_d2gs.png (PNG copy)> <./figures/quali
tative/s2_ours.png (PNG copy)> <./figures/qualitative/s2_gt.png (PNG copy)> <./
figures/qualitative/s3_regnerf.png (PNG copy)> <./figures/qualitative/s3_sparse
nerf.png (PNG copy)> <./figures/qualitative/s3_3dgs.png (PNG copy)> <./figures/
qualitative/s3_corgs.png (PNG copy)> <./figures/qualitative/s3_dropgaussian.png
> <./figures/qualitative/s3_d2gs.png (PNG copy)> <./figures/qualitative/s3_ours
.png (PNG copy)> <./figures/qualitative/s3_gt.png (PNG copy)>])))
(./sections/05_conclusion.tex) (./main.bbl [6]
Underfull \hbox (badness 3657) in paragraph at lines 154--158
[]\OT1/ptm/m/n/10 Bao, Z., Liao, G., Zhou, K., Liu, K., Li, Q., and Qiu, G., ``
LoopSparseGS: Loop-based sparse-
 []


Underfull \hbox (badness 1009) in paragraph at lines 154--158
\OT1/ptm/m/n/10 view friendly Gaus-sian splat-ting,'' \OT1/ptm/m/it/10 IEEE Tra
ns-ac-tions on Im-age Pro-cess-ing \OT1/ptm/b/n/10 34\OT1/ptm/m/n/10 , 3889--39
02 (2025).  DOI:
 []


Underfull \hbox (badness 2393) in paragraph at lines 160--164
[]\OT1/ptm/m/n/10 Cheng, K., Long, X., Yang, K., Yao, Y., Yin, W., Ma, Y., Wang
, W., and Chen, X., ``Gaus-sian-
 []

[7]) [8] (./main.aux)
 ***********
LaTeX2e <2026-06-01>
L3 programming layer <2026-09-09>
 ***********
Package rerunfilecheck Info: File `main.out' has not changed.
(rerunfilecheck)             Checksum: C37BBBF38751B4FD6E1C18B7CE5279BB;1824.
 ) 
Here is how much of TeX's memory you used:
 12628 strings out of 468531
 204822 string characters out of 5442128
 657996 words of memory out of 5000000
 41452 multiletter control sequences out of 15000+600000
 675245 words of font info for 142 fonts, out of 8000000 for 9000
 319 hyphenation exceptions out of 8191
 74i,13n,83p,1301b,554s stack positions out of 10000i,1000n,20000p,200000b,200000s
</usr/local/texlive/2026basic/texmf-dist/fonts/type1/public/amsfonts/cm/cmex1
0.pfb></usr/local/texlive/2026basic/texmf-dist/fonts/type1/public/amsfonts/cm/c
mmi10.pfb></usr/local/texlive/2026basic/texmf-dist/fonts/type1/public/amsfonts/
cm/cmr10.pfb></usr/local/texlive/2026basic/texmf-dist/fonts/type1/public/amsfon
ts/cm/cmsy10.pfb></usr/local/texlive/2026basic/texmf-dist/fonts/type1/public/rs
fs/rsfs10.pfb></usr/local/texlive/2026basic/texmf-dist/fonts/type1/urw/symbol/u
syr.pfb></usr/local/texlive/2026basic/texmf-dist/fonts/type1/urw/symbol/usyr.pf
b></usr/local/texlive/2026basic/texmf-dist/fonts/type1/urw/times/utmb8a.pfb></u
sr/local/texlive/2026basic/texmf-dist/fonts/type1/urw/times/utmr8a.pfb></usr/lo
cal/texlive/2026basic/texmf-dist/fonts/type1/urw/times/utmri8a.pfb>
Output written on main.pdf (8 pages, 4551354 bytes).
PDF statistics:
 350 PDF objects out of 1000 (max. 8388607)
 285 compressed objects within 3 object streams
 79 named destinations out of 1000 (max. 500000)
 227 words of extra memory for PDF output out of 10000 (max. 10000000)

